This is pdfTeX, Version 3.141592653-2.6-1.40.28 (TeX Live 2025) (preloaded format=pdflatex 2025.7.23)  13 AUG 2025 15:59
entering extended mode
 restricted \write18 enabled.
 %&-line parsing enabled.
**index.tex
(./index.tex
LaTeX2e <2025-06-01> patch level 1
L3 programming layer <2025-07-19>
(c:/Users/paulsmith/AppData/Roaming/TinyTeX/texmf-dist/tex/latex/base/article.cls
Document Class: article 2025/01/22 v1.4n Standard LaTeX document class
(c:/Users/paulsmith/AppData/Roaming/TinyTeX/texmf-dist/tex/latex/base/size10.clo
File: size10.clo 2025/01/22 v1.4n Standard LaTeX file (size option)
)
\c@part=\count275
\c@section=\count276
\c@subsection=\count277
\c@subsubsection=\count278
\c@paragraph=\count279
\c@subparagraph=\count280
\c@figure=\count281
\c@table=\count282
\abovecaptionskip=\skip49
\belowcaptionskip=\skip50
\bibindent=\dimen148
) (c:/Users/paulsmith/AppData/Roaming/TinyTeX/texmf-dist/tex/latex/base/fontenc.sty
Package: fontenc 2024/12/21 v2.1c Standard LaTeX package
) (c:/Users/paulsmith/AppData/Roaming/TinyTeX/texmf-dist/tex/latex/graphics/graphicx.sty
Package: graphicx 2024/12/31 v1.2e Enhanced LaTeX Graphics (DPC,SPQR)
(c:/Users/paulsmith/AppData/Roaming/TinyTeX/texmf-dist/tex/latex/graphics/keyval.sty
Package: keyval 2022/05/29 v1.15 key=value parser (DPC)
\KV@toks@=\toks17
) (c:/Users/paulsmith/AppData/Roaming/TinyTeX/texmf-dist/tex/latex/graphics/graphics.sty
Package: graphics 2024/08/06 v1.4g Standard LaTeX Graphics (DPC,SPQR)
(c:/Users/paulsmith/AppData/Roaming/TinyTeX/texmf-dist/tex/latex/graphics/trig.sty
Package: trig 2023/12/02 v1.11 sin cos tan (DPC)
) (c:/Users/paulsmith/AppData/Roaming/TinyTeX/texmf-dist/tex/latex/graphics-cfg/graphics.cfg
File: graphics.cfg 2016/06/04 v1.11 sample graphics configuration
)
Package graphics Info: Driver file: pdftex.def on input line 106.
(c:/Users/paulsmith/AppData/Roaming/TinyTeX/texmf-dist/tex/latex/graphics-def/pdftex.def
File: pdftex.def 2024/04/13 v1.2c Graphics/color driver for pdftex
))
\Gin@req@height=\dimen149
\Gin@req@width=\dimen150
) (c:/Users/paulsmith/AppData/Roaming/TinyTeX/texmf-dist/tex/latex/hyperref/hyperref.sty
Package: hyperref 2025-07-12 v7.01o Hypertext links for LaTeX
(c:/Users/paulsmith/AppData/Roaming/TinyTeX/texmf-dist/tex/generic/iftex/iftex.sty
Package: iftex 2024/12/12 v1.0g TeX engine tests
) (c:/Users/paulsmith/AppData/Roaming/TinyTeX/texmf-dist/tex/latex/kvsetkeys/kvsetkeys.sty
Package: kvsetkeys 2022-10-05 v1.19 Key value parser (HO)
) (c:/Users/paulsmith/AppData/Roaming/TinyTeX/texmf-dist/tex/generic/kvdefinekeys/kvdefinekeys.sty
Package: kvdefinekeys 2019-12-19 v1.6 Define keys (HO)
) (c:/Users/paulsmith/AppData/Roaming/TinyTeX/texmf-dist/tex/generic/pdfescape/pdfescape.sty
Package: pdfescape 2019/12/09 v1.15 Implements pdfTeX's escape features (HO)
(c:/Users/paulsmith/AppData/Roaming/TinyTeX/texmf-dist/tex/generic/ltxcmds/ltxcmds.sty
Package: ltxcmds 2023-12-04 v1.26 LaTeX kernel commands for general use (HO)
) (c:/Users/paulsmith/AppData/Roaming/TinyTeX/texmf-dist/tex/generic/pdftexcmds/pdftexcmds.sty
Package: pdftexcmds 2020-06-27 v0.33 Utility functions of pdfTeX for LuaTeX (HO)
(c:/Users/paulsmith/AppData/Roaming/TinyTeX/texmf-dist/tex/generic/infwarerr/infwarerr.sty
Package: infwarerr 2019/12/03 v1.5 Providing info/warning/error messages (HO)
)
Package pdftexcmds Info: \pdf@primitive is available.
Package pdftexcmds Info: \pdf@ifprimitive is available.
Package pdftexcmds Info: \pdfdraftmode found.
)) (c:/Users/paulsmith/AppData/Roaming/TinyTeX/texmf-dist/tex/latex/hycolor/hycolor.sty
Package: hycolor 2020-01-27 v1.10 Color options for hyperref/bookmark (HO)
) (c:/Users/paulsmith/AppData/Roaming/TinyTeX/texmf-dist/tex/latex/hyperref/nameref.sty
Package: nameref 2025-06-21 v2.57 Cross-referencing by name of section
(c:/Users/paulsmith/AppData/Roaming/TinyTeX/texmf-dist/tex/latex/refcount/refcount.sty
Package: refcount 2019/12/15 v3.6 Data extraction from label references (HO)
) (c:/Users/paulsmith/AppData/Roaming/TinyTeX/texmf-dist/tex/generic/gettitlestring/gettitlestring.sty
Package: gettitlestring 2019/12/15 v1.6 Cleanup title references (HO)
(c:/Users/paulsmith/AppData/Roaming/TinyTeX/texmf-dist/tex/latex/kvoptions/kvoptions.sty
Package: kvoptions 2022-06-15 v3.15 Key value format for package options (HO)
))
\c@section@level=\count283
) (c:/Users/paulsmith/AppData/Roaming/TinyTeX/texmf-dist/tex/latex/etoolbox/etoolbox.sty
Package: etoolbox 2025/02/11 v2.5l e-TeX tools for LaTeX (JAW)
\etb@tempcnta=\count284
) (c:/Users/paulsmith/AppData/Roaming/TinyTeX/texmf-dist/tex/generic/stringenc/stringenc.sty
Package: stringenc 2019/11/29 v1.12 Convert strings between diff. encodings (HO)
)
\@linkdim=\dimen151
\Hy@linkcounter=\count285
\Hy@pagecounter=\count286
(c:/Users/paulsmith/AppData/Roaming/TinyTeX/texmf-dist/tex/latex/hyperref/pd1enc.def
File: pd1enc.def 2025-07-12 v7.01o Hyperref: PDFDocEncoding definition (HO)
Now handling font encoding PD1 ...
... no UTF-8 mapping file for font encoding PD1
) (c:/Users/paulsmith/AppData/Roaming/TinyTeX/texmf-dist/tex/generic/intcalc/intcalc.sty
Package: intcalc 2019/12/15 v1.3 Expandable calculations with integers (HO)
)
\Hy@SavedSpaceFactor=\count287
(c:/Users/paulsmith/AppData/Roaming/TinyTeX/texmf-dist/tex/latex/hyperref/puenc.def
File: puenc.def 2025-07-12 v7.01o Hyperref: PDF Unicode definition (HO)
Now handling font encoding PU ...
... no UTF-8 mapping file for font encoding PU
)
Package hyperref Info: Hyper figures OFF on input line 4195.
Package hyperref Info: Link nesting OFF on input line 4200.
Package hyperref Info: Hyper index ON on input line 4203.
Package hyperref Info: Plain pages OFF on input line 4210.
Package hyperref Info: Backreferencing OFF on input line 4215.
Package hyperref Info: Implicit mode ON; LaTeX internals redefined.
Package hyperref Info: Bookmarks ON on input line 4462.
\c@Hy@tempcnt=\count288
(c:/Users/paulsmith/AppData/Roaming/TinyTeX/texmf-dist/tex/latex/url/url.sty
\Urlmuskip=\muskip17
Package: url 2013/09/16  ver 3.4  Verb mode for urls, etc.
)
LaTeX Info: Redefining \url on input line 4801.
\XeTeXLinkMargin=\dimen152
(c:/Users/paulsmith/AppData/Roaming/TinyTeX/texmf-dist/tex/generic/bitset/bitset.sty
Package: bitset 2019/12/09 v1.3 Handle bit-vector datatype (HO)
(c:/Users/paulsmith/AppData/Roaming/TinyTeX/texmf-dist/tex/generic/bigintcalc/bigintcalc.sty
Package: bigintcalc 2019/12/15 v1.5 Expandable calculations on big integers (HO)
))
\Fld@menulength=\count289
\Field@Width=\dimen153
\Fld@charsize=\dimen154
Package hyperref Info: Hyper figures OFF on input line 6078.
Package hyperref Info: Link nesting OFF on input line 6083.
Package hyperref Info: Hyper index ON on input line 6086.
Package hyperref Info: backreferencing OFF on input line 6093.
Package hyperref Info: Link coloring OFF on input line 6098.
Package hyperref Info: Link coloring with OCG OFF on input line 6103.
Package hyperref Info: PDF/A mode OFF on input line 6108.
\Hy@abspage=\count290
\c@Item=\count291
\c@Hfootnote=\count292
)
Package hyperref Info: Driver (autodetected): hpdftex.
(c:/Users/paulsmith/AppData/Roaming/TinyTeX/texmf-dist/tex/latex/hyperref/hpdftex.def
File: hpdftex.def 2025-07-12 v7.01o Hyperref driver for pdfTeX
\Fld@listcount=\count293
\c@bookmark@seq@number=\count294
(c:/Users/paulsmith/AppData/Roaming/TinyTeX/texmf-dist/tex/latex/rerunfilecheck/rerunfilecheck.sty
Package: rerunfilecheck 2025-06-21 v1.11 Rerun checks for auxiliary files (HO)
(c:/Users/paulsmith/AppData/Roaming/TinyTeX/texmf-dist/tex/generic/uniquecounter/uniquecounter.sty
Package: uniquecounter 2019/12/15 v1.4 Provide unlimited unique counter (HO)
)
Package uniquecounter Info: New unique counter `rerunfilecheck' on input line 284.
)
\Hy@SectionHShift=\skip51
) (c:/Users/paulsmith/AppData/Roaming/TinyTeX/texmf-dist/tex/latex/l3backend/l3backend-pdftex.def
File: l3backend-pdftex.def 2025-06-09 L3 backend support: PDF output (pdfTeX)
\l__color_backend_stack_int=\count295
) (./index.aux)
\openout1 = `index.aux'.

LaTeX Font Info:    Checking defaults for OML/cmm/m/it on input line 9.
LaTeX Font Info:    ... okay on input line 9.
LaTeX Font Info:    Checking defaults for OMS/cmsy/m/n on input line 9.
LaTeX Font Info:    ... okay on input line 9.
LaTeX Font Info:    Checking defaults for OT1/cmr/m/n on input line 9.
LaTeX Font Info:    ... okay on input line 9.
LaTeX Font Info:    Checking defaults for T1/cmr/m/n on input line 9.
LaTeX Font Info:    ... okay on input line 9.
LaTeX Font Info:    Checking defaults for TS1/cmr/m/n on input line 9.
LaTeX Font Info:    ... okay on input line 9.
LaTeX Font Info:    Checking defaults for OMX/cmex/m/n on input line 9.
LaTeX Font Info:    ... okay on input line 9.
LaTeX Font Info:    Checking defaults for U/cmr/m/n on input line 9.
LaTeX Font Info:    ... okay on input line 9.
LaTeX Font Info:    Checking defaults for PD1/pdf/m/n on input line 9.
LaTeX Font Info:    ... okay on input line 9.
LaTeX Font Info:    Checking defaults for PU/pdf/m/n on input line 9.
LaTeX Font Info:    ... okay on input line 9.
(c:/Users/paulsmith/AppData/Roaming/TinyTeX/texmf-dist/tex/latex/epstopdf-pkg/epstopdf-base.sty
Package: epstopdf-base 2020-01-24 v2.11 Base part for package epstopdf
Package epstopdf-base Info: Redefining graphics rule for `.eps' on input line 485.
(c:/Users/paulsmith/AppData/Roaming/TinyTeX/texmf-dist/tex/latex/latexconfig/epstopdf-sys.cfg
File: epstopdf-sys.cfg 2010/07/13 v1.3 Configuration of (r)epstopdf for TeX Live
))
Package hyperref Info: Link coloring OFF on input line 9.
(./index.out) (./index.out)
\@outlinefile=\write3
\openout3 = `index.out'.

LaTeX Font Info:    External font `cmex10' loaded for size
(Font)              <12> on input line 11.
LaTeX Font Info:    External font `cmex10' loaded for size
(Font)              <8> on input line 11.
LaTeX Font Info:    External font `cmex10' loaded for size
(Font)              <6> on input line 11.
(./index.toc
LaTeX Font Info:    External font `cmex10' loaded for size
(Font)              <7> on input line 2.
LaTeX Font Info:    External font `cmex10' loaded for size
(Font)              <5> on input line 2.
)
\tf@toc=\write4
\openout4 = `index.toc'.


Overfull \hbox (6.47476pt too wide) in paragraph at lines 21--23
[]\T1/cmr/m/n/10 Provide an out-line of Dy-namic TOP-MODEL as im-ple-mented in the \T1/cmtt/m/n/10 dynatop
 []


Overfull \hbox (5.68439pt too wide) in paragraph at lines 27--29
[]\T1/cmr/m/n/10 Give some sug-ges-tions as to the ef-fec-tive use of the \T1/cmtt/m/n/10 dynatop \T1/cmr/m/n/10 and \T1/cmtt/m/n/10 dynatopGIS
 []



[1

{c:/Users/paulsmith/AppData/Roaming/TinyTeX/texmf-var/fonts/map/pdftex/updmap/pdftex.map}]
LaTeX Font Info:    Font shape `T1/cmtt/bx/n' in size <10> not available
(Font)              Font shape `T1/cmtt/m/n' tried instead on input line 84.

Overfull \hbox (211.36414pt too wide) in paragraph at lines 90--90
[]\T1/cmtt/m/n/10 install.packages('dynatop', repos =c('https://waternumbers.r-universe.dev','https://cloud.r-project.org'))[] 
 []


Overfull \hbox (237.60773pt too wide) in paragraph at lines 90--90
[]\T1/cmtt/m/n/10 install.packages('dynatopGIS', repos = c('https://waternumbers.r-universe.dev', 'https://cloud.r-project.org'))[] 
 []



[2]
Overfull \hbox (2.16852pt too wide) in paragraph at lines 150--155
\T1/cmr/m/n/10 Dynamic TOP-MODEL was orig-i-nally con-ceived as \T1/cmr/m/it/10 ``A new ver-sion of the rainfall-
 []



[3]
<./images/images/topo_class.png, id=137, 796.9775pt x 1127.21124pt>
File: ./images/images/topo_class.png Graphic file (type png)
<use ./images/images/topo_class.png>
Package pdftex.def Info: ./images/images/topo_class.png  used on input line 187.
(pdftex.def)             Requested size: 796.97554pt x 1127.2085pt.

Overfull \hbox (451.97554pt too wide) in paragraph at lines 187--188
[][] 
 []


LaTeX Warning: Float too large for page by 601.15247pt on input line 192.

<./images/images/landuse_class.png, id=139, 796.9775pt x 1127.21124pt>
File: ./images/images/landuse_class.png Graphic file (type png)
<use ./images/images/landuse_class.png>
Package pdftex.def Info: ./images/images/landuse_class.png  used on input line 199.
(pdftex.def)             Requested size: 796.97554pt x 1127.2085pt.

Overfull \hbox (451.97554pt too wide) in paragraph at lines 199--200
[][] 
 []


LaTeX Warning: Float too large for page by 601.15247pt on input line 204.


Overfull \hbox (0.83112pt too wide) in paragraph at lines 211--218
\T1/cmr/m/n/10 In keep-ing with ear-lier spa-tial anal-y-sis TOP-MODEL and Dy-namic TOP-MODEL
 []

<./images/images/combined_class.png, id=140, 796.9775pt x 1127.21124pt>
File: ./images/images/combined_class.png Graphic file (type png)
<use ./images/images/combined_class.png>
Package pdftex.def Info: ./images/images/combined_class.png  used on input line 220.
(pdftex.def)             Requested size: 796.97554pt x 1127.2085pt.

Overfull \hbox (451.97554pt too wide) in paragraph at lines 220--221
[][] 
 []


LaTeX Warning: Float too large for page by 613.15247pt on input line 225.



[4]

[5 <./images/images/topo_class.png>]

[6 <./images/images/landuse_class.png>]

[7 <./images/images/combined_class.png>]
<./images/images/band_class.png, id=165, 796.9775pt x 1127.21124pt>
File: ./images/images/band_class.png Graphic file (type png)
<use ./images/images/band_class.png>
Package pdftex.def Info: ./images/images/band_class.png  used on input line 239.
(pdftex.def)             Requested size: 796.97554pt x 1127.2085pt.

Overfull \hbox (451.97554pt too wide) in paragraph at lines 239--240
[][] 
 []


LaTeX Warning: Float too large for page by 601.15247pt on input line 244.

<./images/images/combined_class_with_band.png, id=166, 796.9775pt x 1127.21124pt>
File: ./images/images/combined_class_with_band.png Graphic file (type png)
<use ./images/images/combined_class_with_band.png>
Package pdftex.def Info: ./images/images/combined_class_with_band.png  used on input line 249.
(pdftex.def)             Requested size: 796.97554pt x 1127.2085pt.

Overfull \hbox (451.97554pt too wide) in paragraph at lines 249--250
[][] 
 []


LaTeX Warning: Float too large for page by 601.15247pt on input line 254.

<./images/images/Hillslope_HRU.png, id=167, 796.9775pt x 1127.21124pt>
File: ./images/images/Hillslope_HRU.png Graphic file (type png)
<use ./images/images/Hillslope_HRU.png>
Package pdftex.def Info: ./images/images/Hillslope_HRU.png  used on input line 296.
(pdftex.def)             Requested size: 796.97554pt x 1127.2085pt.

Overfull \hbox (451.97554pt too wide) in paragraph at lines 296--297
[][] 
 []


LaTeX Warning: Float too large for page by 601.15247pt on input line 301.



[8]

[9 <./images/images/band_class.png>]

[10 <./images/images/combined_class_with_band.png>]

[11 <./images/images/Hillslope_HRU.png>]
<./images/images/Build_Schematic.png, id=191, 796.9775pt x 1127.21124pt>
File: ./images/images/Build_Schematic.png Graphic file (type png)
<use ./images/images/Build_Schematic.png>
Package pdftex.def Info: ./images/images/Build_Schematic.png  used on input line 336.
(pdftex.def)             Requested size: 796.97554pt x 1127.2085pt.

Overfull \hbox (451.97554pt too wide) in paragraph at lines 336--338
[][]
 []


LaTeX Warning: Float too large for page by 613.15247pt on input line 342.



[12]

[13 <./images/images/Build_Schematic.png>]
Overfull \hbox (3.22418pt too wide) in paragraph at lines 392--406
[]\T1/cmr/m/n/10 The River Eden and its main trib-u-taries in-clud-ing the Rivers Ea-mont, Irthing,
 []

<./images/images/EdenMap.png, id=205, 844.8363pt x 597.432pt>
File: ./images/images/EdenMap.png Graphic file (type png)
<use ./images/images/EdenMap.png>
Package pdftex.def Info: ./images/images/EdenMap.png  used on input line 408.
(pdftex.def)             Requested size: 844.83424pt x 597.43054pt.

Overfull \hbox (499.83424pt too wide) in paragraph at lines 408--409
[][] 
 []


LaTeX Warning: Float too large for page by 71.37451pt on input line 413.


Overfull \hbox (276.38193pt too wide) in paragraph at lines 433--444
[][] 
 []



[14]

[15 <./images/images/EdenMap.png>]

[16] (./index.aux)
 ***********
LaTeX2e <2025-06-01> patch level 1
L3 programming layer <2025-07-19>
 ***********
Package rerunfilecheck Info: File `index.out' has not changed.
(rerunfilecheck)             Checksum: D85CF4EC7952EAC3E18D57B5788FD623;2483.
 ) 
Here is how much of TeX's memory you used:
 8450 strings out of 469797
 132956 string characters out of 5480594
 538625 words of memory out of 5000000
 36701 multiletter control sequences out of 15000+600000
 636285 words of font info for 59 fonts, out of 8000000 for 9000
 14 hyphenation exceptions out of 8191
 75i,9n,79p,264b,621s stack positions out of 10000i,1000n,20000p,200000b,200000s
 <c:/Users/paulsmith/AppData/Roaming/TinyTeX/texmf-var/fonts/pk/ljfour/jknappen/ec/ecti1000.600pk> <c:/Users/paulsmith/AppData/Roaming/TinyTeX/texmf-var/fonts/pk/ljfour/jknappen/ec/ecbx1200.600pk> <c:/Users/paulsmith/AppData/Roaming/TinyTeX/texmf-var/fonts/pk/ljfour/jknappen/ec/ectt1000.600pk> <c:/Users/paulsmith/AppData/Roaming/TinyTeX/texmf-var/fonts/pk/ljfour/jknappen/ec/tcrm1000.600pk> <c:/Users/paulsmith/AppData/Roaming/TinyTeX/texmf-var/fonts/pk/ljfour/jknappen/ec/ecrm1000.600pk> <c:/Users/paulsmith/AppData/Roaming/TinyTeX/texmf-var/fonts/pk/ljfour/jknappen/ec/ecbx1000.600pk> <c:/Users/paulsmith/AppData/Roaming/TinyTeX/texmf-var/fonts/pk/ljfour/jknappen/ec/ecbx1440.600pk> <c:/Users/paulsmith/AppData/Roaming/TinyTeX/texmf-var/fonts/pk/ljfour/jknappen/ec/ecrm1200.600pk> <c:/Users/paulsmith/AppData/Roaming/TinyTeX/texmf-var/fonts/pk/ljfour/jknappen/ec/ecrm1728.600pk>
Output written on index.pdf (16 pages, 993159 bytes).
PDF statistics:
 586 PDF objects out of 1000 (max. 8388607)
 236 compressed objects within 3 object streams
 52 named destinations out of 1000 (max. 500000)
 185 words of extra memory for PDF output out of 10000 (max. 10000000)

